9시~10시

의미문자(meta) = 문자+의미

URL에서 ?은 파라미터의 시작을 의미. = 는 파라미터 의미 &은 다른 파라미터 제시

escape한다는 것은 기존 기능의 한계를 탈출하는 것이다.
일반적으로 escape용으로 사용하는 문자는 \(backslash)이다.
URL에서는 \를 쓰기보다는 encoding(일정한 규칙에 따라 값을 변경)한다.

정규 표현식(正規表現式, 영어: regular expression, 간단히 regexp 또는 regex, rational expression) 또는 정규식(正規式)은 특정한 규칙을 가진 문자열의 집합을 표현하는 데 사용하는 형식 언어이다.
정규 표현식에서 ^표시는 규칙의 시작을 의미한다.
즉 이스케이프 처리하여 /\^..^\로 찾을 수 있다.

문제

/tmp/test/ 디렉터리를 생성하고 ⇒ root@server:/tmp# mkdir test
생성한 디렉터리에서 아래 구조의 디렉터리를 생성하시오.  (상대경로사용)
root@server:/tmp/test# mkdir -p ../test2/t2/t3
root@server:/tmp/test# apt install tree
root@server:/tmp/test# tree /tmp/test2
/tmp/test2
└── t2
    └── t3

2 directories, 0 files
/tmp/test/ 디렉터리에서 /tmp/test2/ 디렉터리를 삭제하시오. (상대경로사용)
root@server:/tmp/test# rmdir --ignore-fail-on-non-empty -p ../test2/t2/t3
root@server:/tmp/test# tree /tmp/test2
/tmp/test2 [error opening dir]

0 directories, 0 files


문제 답
root@server:/tmp/test# mkdir -p ../test2/t2/t3
root@server:/tmp/test# tree /tmp/test2
/tmp/test2
└── t2
    └── t3

2 directories, 0 files
root@server:/tmp/test# rmdir -p ../test2/t2/t3 ../test2/t2 ../test2
rmdir: failed to remove directory '..': 디렉터리가 비어있지 않음
rmdir: failed to remove '../test2/t2': 그런 파일이나 디렉터리가 없습니다
rmdir: failed to remove '../test2': 그런 파일이나 디렉터리가 없습니다
root@server:/tmp/test# tree /tmp/test2
/tmp/test2 [error opening dir]

0 directories, 0 files

$암호알고리즘$salt$해쉬값
salt 값은 해쉬값을 만들기 위해 꼭 필요한 것.